/home/owenk/cv-trainer-venv/lib/python3.10/site-packages/matplotlib/projections/__init__.py:63: UserWarning: Unable to import Axes3D. This may be due to multiple versions of Matplotlib being installed (e.g. as a system package and as a pip package). As a result, the 3D projection is not available.
  warnings.warn("Unable to import Axes3D. This may be due to multiple versions of "
PROGRESS 1/840 (0.1%) ETA=18.1min
PROGRESS 25/840 (3.0%) ETA=3.1min
PROGRESS 50/840 (6.0%) ETA=2.7min
PROGRESS 75/840 (8.9%) ETA=2.5min
PROGRESS 100/840 (11.9%) ETA=2.3min
PROGRESS 125/840 (14.9%) ETA=2.2min
PROGRESS 150/840 (17.9%) ETA=2.1min
PROGRESS 175/840 (20.8%) ETA=2.0min
PROGRESS 200/840 (23.8%) ETA=1.9min
PROGRESS 225/840 (26.8%) ETA=1.9min
PROGRESS 250/840 (29.8%) ETA=1.8min
PROGRESS 275/840 (32.7%) ETA=1.7min
PROGRESS 300/840 (35.7%) ETA=1.6min
PROGRESS 325/840 (38.7%) ETA=1.5min
PROGRESS 350/840 (41.7%) ETA=1.5min
PROGRESS 375/840 (44.6%) ETA=1.4min
PROGRESS 400/840 (47.6%) ETA=1.3min
PROGRESS 425/840 (50.6%) ETA=1.2min
PROGRESS 450/840 (53.6%) ETA=1.1min
PROGRESS 475/840 (56.5%) ETA=1.1min
PROGRESS 500/840 (59.5%) ETA=1.0min
PROGRESS 525/840 (62.5%) ETA=0.9min
PROGRESS 550/840 (65.5%) ETA=0.8min
PROGRESS 575/840 (68.5%) ETA=0.8min
PROGRESS 600/840 (71.4%) ETA=0.7min
PROGRESS 625/840 (74.4%) ETA=0.6min
PROGRESS 650/840 (77.4%) ETA=0.5min
PROGRESS 675/840 (80.4%) ETA=0.5min
PROGRESS 700/840 (83.3%) ETA=0.4min
PROGRESS 725/840 (86.3%) ETA=0.3min
PROGRESS 750/840 (89.3%) ETA=0.3min
PROGRESS 775/840 (92.3%) ETA=0.2min
PROGRESS 800/840 (95.2%) ETA=0.1min
PROGRESS 825/840 (98.2%) ETA=0.0min
PROGRESS 840/840 (100.0%) ETA=0.0min
{
  "backend": "TensorRT FP16",
  "engine": "/home/owenk/CVPaper/cmafm/jetson_deploy/artifacts/cmafm_yolo_640_fp16.engine",
  "dataset": "M3FD",
  "manifest": "/home/owenk/CVPaper/cmafm/jetson_deploy/data/cmafm_m3fd_val_seed42/manifest.json",
  "split_seed": 42,
  "image_size": 640,
  "images": 840,
  "ground_truth_boxes": 7083,
  "detections_after_nms": 69172,
  "confidence_threshold": 0.001,
  "nms_iou_threshold": 0.6,
  "map50": 0.8560260533874043,
  "map50_95": 0.5661711590529329,
  "mean_precision": 0.8899835817522836,
  "mean_recall": 0.7991358565747876,
  "mean_inference_ms": 70.18674585482846,
  "mean_nms_ms": 4.933655439492126,
  "per_class": {
    "People": {
      "class_id": 0,
      "ground_truth_boxes": 2255,
      "precision": 0.9118128765923825,
      "recall": 0.761419068736142,
      "ap50": 0.8545034043668756,
      "ap50_95": 0.5107754796807789
    },
    "Car": {
      "class_id": 1,
      "ground_truth_boxes": 3845,
      "precision": 0.9192439826125104,
      "recall": 0.8543563068920677,
      "ap50": 0.9236242162504227,
      "ap50_95": 0.6598549541396677
    },
    "Bus": {
      "class_id": 2,
      "ground_truth_boxes": 129,
      "precision": 0.887543004656375,
      "recall": 0.9069767441860465,
      "ap50": 0.9079794179253663,
      "ap50_95": 0.7221824380928034
    },
    "Motorcycle": {
      "class_id": 3,
      "ground_truth_boxes": 131,
      "precision": 0.841358811580164,
      "recall": 0.6477690825189204,
      "ap50": 0.7379996823818553,
      "ap50_95": 0.44098244791908625
    },
    "Lamp": {
      "class_id": 4,
      "ground_truth_boxes": 514,
      "precision": 0.8724748602841713,
      "recall": 0.8252508749145925,
      "ap50": 0.8601393897307312,
      "ap50_95": 0.4473109828668876
    },
    "Truck": {
      "class_id": 5,
      "ground_truth_boxes": 209,
      "precision": 0.9074679547880992,
      "recall": 0.7990430622009569,
      "ap50": 0.8519102096691751,
      "ap50_95": 0.6159206516183738
    }
  }
}
RESULT_JSON=/home/owenk/CVPaper/cmafm/jetson_deploy/artifacts/m3fd_tensorrt_map.json
